2026-05-19 16:39:46,177 - INFO - Starting login workflow
2026-05-19 16:39:46,178 - INFO - Enterung username Admin
2026-05-19 16:39:46,738 - INFO - Entering password
2026-05-19 16:39:46,783 - INFO - Clicking login button
2026-05-19 16:39:51,901 - INFO - Starting login workflow
2026-05-19 16:39:51,902 - INFO - Enterung username wronguser
2026-05-19 16:39:52,476 - INFO - Entering password
2026-05-19 16:39:52,522 - INFO - Clicking login button
2026-05-19 16:39:57,844 - INFO - Starting login workflow
2026-05-19 16:39:57,844 - INFO - Enterung username Admin
2026-05-19 16:39:58,411 - INFO - Entering password
2026-05-19 16:39:58,463 - INFO - Clicking login button
2026-05-19 16:40:56,530 - INFO - Starting login workflow
2026-05-19 16:40:56,530 - INFO - Enterung username Admin
2026-05-19 16:40:57,113 - INFO - Entering password
2026-05-19 16:40:57,184 - INFO - Clicking login button
2026-05-19 16:41:02,271 - INFO - Starting login workflow
2026-05-19 16:41:02,271 - INFO - Enterung username wronguser
2026-05-19 16:41:02,825 - INFO - Entering password
2026-05-19 16:41:02,874 - INFO - Clicking login button
2026-05-19 16:41:08,151 - INFO - Starting login workflow
2026-05-19 16:41:08,151 - INFO - Enterung username Admin
2026-05-19 16:41:08,699 - INFO - Entering password
2026-05-19 16:41:08,750 - INFO - Clicking login button
